***** External Functions *****
1    AppSearch                                          isrt.obl(Driver.obs)
2    CCPSearch                                          isrt.obl(Driver.obs)
3    ChangeDirectory                                    isrt.obl(Files.obs)
4    CloseFile                                          isrt.obl(Files.obs)
5    CmdGetHwndDlg                                      isrt.obl(CustomDialog.obs)
6    ComponentAddFileToLog                              isrt.obl(component.obs)
7    ComponentCompareSizeRequired                       isrt.obl(component.obs)
8    ComponentGetData                                   isrt.obl(component.obs)
9    ComponentGetTotalCost                              isrt.obl(component.obs)
10   ComponentIsItemSelected                            isrt.obl(component.obs)
11   ComponentListItems                                 isrt.obl(component.obs)
12   ComponentSelectItem                                isrt.obl(component.obs)
13   ComponentSetTarget                                 isrt.obl(component.obs)
14   ComponentSetupTypeSet                              isrt.obl(component.obs)
15   ComponentTreeInit                                  isrt.obl(Dialogs.obs)
16   CreateDir                                          isrt.obl(Files.obs)
17   CreateFile                                         isrt.obl(Files.obs)
18   CreateInstallationInfo                             isrt.obl(Registry.obs)
19   CreateRegistrySet                                  isrt.obl(Feature.obs)
20   CtrlGetNotificationCode                            isrt.obl(CustomDialog.obs)
21   CtrlGetState                                       isrt.obl(CustomDialog.obs)
22   CtrlGetSubCommand                                  isrt.obl(CustomDialog.obs)
23   CtrlGetText                                        isrt.obl(CustomDialog.obs)
24   CtrlSelectText                                     isrt.obl(CustomDialog.obs)
25   CtrlSetState                                       isrt.obl(CustomDialog.obs)
26   CtrlSetText                                        isrt.obl(CustomDialog.obs)
27   DefineDialog                                       isrt.obl(CustomDialog.obs)
28   DeleteFile                                         isrt.obl(Files.obs)
29   DialogSetDefaultFont                               isrt.obl(Dialogs.obs)
30   DialogSetFont                                      isrt.obl(Dialogs.obs)
31   DialogSetInfo                                      isrt.obl(Dialogs.obs)
32   Disable                                            isrt.obl(Enable.obs)
33   DllSizeOf                                          isrt.obl(Str.obs)
34   Do                                                 isrt.obl(Misc.obs)
35   Enable                                             isrt.obl(Enable.obs)
36   EndCurrentDialog                                   isrt.obl(Dialogs.obs)
37   EndDialog                                          isrt.obl(CustomDialog.obs)
38   EnterDisk                                          isrt.obl(EnterDisk.obs)
39   EnterPassword                                      isrt.obl(EnterPasswordDlg.obs)
40   ExistsDir                                          isrt.obl(Files.obs)
41   ExistsDisk                                         isrt.obl(Files.obs)
42   ExitInstall                                        isrt.obl(Driver.obs)
43   EzDefineDialog                                     isrt.obl(CustomDialog.obs)
44   FeatureAddFileToLog                                isrt.obl(Feature.obs)
45   FeatureCompareSizeRequired                         isrt.obl(Feature.obs)
46   FeatureErrorInfo                                   isrt.obl(Feature.obs)
47   FeatureFilterLanguage                              isrt.obl(Feature.obs)
48   FeatureFilterOS                                    isrt.obl(Feature.obs)
49   FeatureGetData                                     isrt.obl(Feature.obs)
50   FeatureGetTotalCost                                isrt.obl(Feature.obs)
51   FeatureIsItemSelected                              isrt.obl(Feature.obs)
52   FeatureListItems                                   isrt.obl(Feature.obs)
53   FeaturePatch                                       isrt.obl(Feature.obs)
54   FeatureReinstall                                   isrt.obl(Feature.obs)
55   FeatureRemoveAllInLogOnly                          isrt.obl(Feature.obs)
56   FeatureRemoveAllInMedia                            isrt.obl(Feature.obs)
57   FeatureRemoveAllInMediaAndLog                      isrt.obl(Feature.obs)
58   FeatureSaveTarget                                  isrt.obl(Feature.obs)
59   FeatureSelectItem                                  isrt.obl(Feature.obs)
60   FeatureSelectNew                                   isrt.obl(Feature.obs)
61   FeatureSetTarget                                   isrt.obl(Feature.obs)
62   FeatureSetupTypeSet                                isrt.obl(Feature.obs)
63   FeatureTransferData                                isrt.obl(Feature.obs)
64   FeatureUpdate                                      isrt.obl(Feature.obs)
65   FeatureValidate                                    isrt.obl(Feature.obs)
66   FinalConstruct                                     ifx.obl(EventsPriv.obs)
67   FinalRelease                                       ifx.obl(EventsPriv.obs)
68   FindFile                                           isrt.obl(Files.obs)
69   FormatMessage                                      isrt.obl(Misc.obs)
70   GDI32.CreateRectRgn                                Setup.obs
71   GDI32.GetDeviceCaps                                Setup.obs
72   GetAddRemove                                       isrt.obl(SysVars.obs)
73   GetAppDataFolder                                   isrt.obl(SysVars.obs)
74   GetBillboard                                       isrt.obl(SysVars.obs)
75   GetCommonFiles                                     isrt.obl(SysVars.obs)
76   GetCurrentDialogName                               isrt.obl(Dialogs.obs)
77   GetDialogTitle                                     isrt.obl(Dialogs.obs)
78   GetDir                                             isrt.obl(Str.obs)
79   GetDisk                                            isrt.obl(Str.obs)
80   GetDiskSpace                                       isrt.obl(GSI.obs)
81   GetDiskSpaceEx                                     isrt.obl(GSI.obs)
82   GetEnabledIServices                                isrt.obl(SysVars.obs)
83   GetEngineDir                                       isrt.obl(SysVars.obs)
84   GetErrorMsg                                        isrt.obl(Dialogs.obs)
85   GetErrorTitle                                      isrt.obl(Dialogs.obs)
86   GetExtents                                         isrt.obl(GSI.obs)
87   GetISRes                                           isrt.obl(SysVars.obs)
88   GetInstanceGUID                                    isrt.obl(SysVars.obs)
89   GetLog                                             isrt.obl(SysVars.obs)
90   GetMaintOption                                     isrt.obl(SysVars.obs)
91   GetMaintenance                                     isrt.obl(SysVars.obs)
92   GetMultiInstanceCount                              isrt.obl(SysVars.obs)
93   GetOpenFileMode                                    isrt.obl(Files.obs)
94   GetPackageLocation                                 isrt.obl(SysVars.obs)
95   GetProductGUID                                     isrt.obl(SysVars.obs)
96   GetProfSectionKeyCount                             isrt.obl(Profile.obs)
97   GetProfString                                      isrt.obl(Profile.obs)
98   GetProfStringList                                  isrt.obl(Profile.obs)
99   GetProgramFiles                                    isrt.obl(SysVars.obs)
100  GetRemoveAllMode                                   isrt.obl(SysVars.obs)
101  GetSelectedLanguage                                isrt.obl(SysVars.obs)
102  GetSelectedTreeComponent                           isrt.obl(CmptView.obs)
103  GetShowPasswordDialog                              isrt.obl(SysVars.obs)
104  GetSupportDir                                      isrt.obl(SysVars.obs)
105  GetSystemInfo                                      isrt.obl(GSI.obs)
106  GetTempFolder                                      isrt.obl(SysVars.obs)
107  GetWinDir                                          isrt.obl(SysVars.obs)
108  GetWinSysDir                                       isrt.obl(SysVars.obs)
109  GetWindowHandle                                    isrt.obl(Misc.obs)
110  HIWORD                                             isrt.obl(Misc.obs)
111  ISDeterminePlatform                                isrt.obl(OsInfo.obs)
112  ISMIF32.InstallStatusMIF                           isrt.obl(MIF.obs)
113  ISRT.ComponentViewSetInfoEx                        isrt.obl(Dialogs.obs)
114  ISRT.EnableHourGlass                               isrt.obl(Enable.obs)
115  ISRT.GetCPUType                                    isrt.obl(GSI.obs)
116  ISRT.GetFontSub                                    isrt.obl(Dialogs.obs)
117  ISRT.GetHandle                                     Setup.obs
118  ISRT.GetPorts                                      isrt.obl(GSI.obs)
119  ISRT.IsEmpty                                       Setup.obs
120  ISRT.IsNTAdmin                                     isrt.obl(Is.obs)
121  ISRT.IsObject                                      Setup.obs
122  ISRT.IsPowerUser                                   isrt.obl(Is.obs)
123  ISRT.LangLoadString                                isrt.obl(SDINT.obs)
124  ISRT.MessageBeepP                                  Setup.obs
125  ISRT.PathCompactPathPixel                          isrt.obl(CustomDialog.obs)
126  ISRT.PathGetDir                                    isrt.obl(Str.obs)
127  ISRT.PathGetDrive                                  isrt.obl(Str.obs)
128  ISRT.PathGetFile                                   isrt.obl(Files.obs)
129  ISRT.PathGetFileExt                                isrt.obl(Str.obs)
130  ISRT.PathGetFileName                               isrt.obl(Str.obs)
131  ISRT.PathGetLongFromShort                          isrt.obl(Str.obs)
132  ISRT.PathGetPath                                   isrt.obl(Str.obs)
133  ISRT.PathGetSpecialFolder                          isrt.obl(SysVars.obs)
134  ISRT.PathIsValidSyntax                             isrt.obl(Is.obs)
135  ISRT._AppSearch                                    Setup.obs
136  ISRT._BrowseForFolder                              isrt.obl(SelectDir.obs)
137  ISRT._CCPSearch                                    Setup.obs
138  ISRT._CleanupInet                                  isrt.obl(MIO.obs)
139  ISRT._CloseFile                                    isrt.obl(Files.obs)
140  ISRT._CmdGetHwndDlg                                isrt.obl(CustomDialog.obs)
141  ISRT._ComponentCompareSizeRequired                 isrt.obl(Feature.obs)
142  ISRT._ComponentErrorInfo                           isrt.obl(Feature.obs)
143  ISRT._ComponentFilterLanguage                      isrt.obl(Feature.obs)
144  ISRT._ComponentFilterOS                            isrt.obl(Feature.obs)
145  ISRT._ComponentGetData                             isrt.obl(Feature.obs)
146  ISRT._ComponentGetTotalCost                        isrt.obl(Feature.obs)
147  ISRT._ComponentGetTotalCostEx                      isrt.obl(SdComponentTreeDlg.obs)
148  ISRT._ComponentIsItemSelected                      isrt.obl(Feature.obs)
149  ISRT._ComponentListItems                           isrt.obl(Feature.obs)
150  ISRT._ComponentPatch                               isrt.obl(Feature.obs)
151  ISRT._ComponentReinstall                           isrt.obl(Feature.obs)
152  ISRT._ComponentRemoveAll                           isrt.obl(Feature.obs)
153  ISRT._ComponentRemoveAllInLogOnly                  isrt.obl(Feature.obs)
154  ISRT._ComponentSaveTarget                          isrt.obl(Feature.obs)
155  ISRT._ComponentSelectItem                          isrt.obl(Feature.obs)
156  ISRT._ComponentSelectNew                           isrt.obl(Feature.obs)
157  ISRT._ComponentSetupTypeSet                        isrt.obl(Feature.obs)
158  ISRT._ComponentTransferData                        isrt.obl(Feature.obs)
159  ISRT._ComponentUpdate                              isrt.obl(Feature.obs)
160  ISRT._ComponentValidate                            isrt.obl(Feature.obs)
161  ISRT._CreateDir                                    isrt.obl(Files.obs)
162  ISRT._CreateRegistrySet                            isrt.obl(Feature.obs)
163  ISRT._CtrlGetNotificationCode                      isrt.obl(CustomDialog.obs)
164  ISRT._CtrlGetSubCommand                            isrt.obl(CustomDialog.obs)
165  ISRT._DefineDialog                                 isrt.obl(CustomDialog.obs)
166  ISRT._DialogSetFont                                isrt.obl(Dialogs.obs)
167  ISRT._DisableStatus                                isrt.obl(Enable.obs)
168  ISRT._DoSprintf                                    isrt.obl(MsgBox.obs)
169  ISRT._EnableDialogCache                            isrt.obl(Enable.obs)
170  ISRT._EnablePrevDialog                             isrt.obl(AskDestPathDlg.obs)
171  ISRT._EnableSkins                                  isrt.obl(Enable.obs)
172  ISRT._EnableStatus                                 isrt.obl(Enable.obs)
173  ISRT._EndDialog                                    isrt.obl(CustomDialog.obs)
174  ISRT._ExistsDir                                    isrt.obl(Files.obs)
175  ISRT._ExistsDisk                                   isrt.obl(Files.obs)
176  ISRT._ExistsFile                                   isrt.obl(Files.obs)
177  ISRT._ExitInstall                                  Setup.obs
178  ISRT._GetCurrentDialogName                         isrt.obl(Dialogs.obs)
179  ISRT._GetDiskSpaceEx                               isrt.obl(GSI.obs)
180  ISRT._GetDiskSpaceExEx                             isrt.obl(SdComponentTreeDlg.obs)
181  ISRT._GetGlobalMemorySize                          isrt.obl(GSI.obs)
182  ISRT._GetSelectedTreeComponent                     isrt.obl(CmptView.obs)
183  ISRT._GetSupportDir                                isrt.obl(SysVars.obs)
184  ISRT._InetEndofTransfer                            isrt.obl(iftw.obs)
185  ISRT._InetGetNextDisk                              isrt.obl(iftw.obs)
186  ISRT._InitInstall                                  Setup.obs
187  ISRT._IsSkinLoaded                                 isrt.obl(Is.obs)
188  ISRT._IsWindowsME                                  isrt.obl(GSI.obs)
189  ISRT._ListAddItem                                  isrt.obl(scrlist.obs)
190  ISRT._ListAddString                                isrt.obl(scrlist.obs)
191  ISRT._ListCount                                    isrt.obl(scrlist.obs)
192  ISRT._ListCreate                                   isrt.obl(scrlist.obs)
193  ISRT._ListCurrentString                            isrt.obl(scrlist.obs)
194  ISRT._ListDeleteString                             isrt.obl(scrlist.obs)
195  ISRT._ListDestroy                                  isrt.obl(scrlist.obs)
196  ISRT._ListFindString                               isrt.obl(scrlist.obs)
197  ISRT._ListGetFirstItem                             isrt.obl(scrlist.obs)
198  ISRT._ListGetFirstString                           isrt.obl(scrlist.obs)
199  ISRT._ListGetNextItem                              isrt.obl(scrlist.obs)
200  ISRT._ListGetNextString                            isrt.obl(scrlist.obs)
201  ISRT._ListGetType                                  isrt.obl(scrlist.obs)
202  ISRT._ListSetIndex                                 isrt.obl(scrlist.obs)
203  ISRT._MediaGetInfo                                 isrt.obl(Feature.obs)
204  ISRT._OpenFile                                     isrt.obl(Files.obs)
205  ISRT._Preprogram                                   Setup.obs
206  ISRT._Rebooted                                     Setup.obs
207  ISRT._RegCreateKey                                 isrt.obl(Registry.obs)
208  ISRT._RegEnum                                      isrt.obl(Registry.obs)
209  ISRT._RegQueryKeyBinaryValue                       isrt.obl(Registry.obs)
210  ISRT._RegQueryKeyValue                             isrt.obl(Registry.obs)
211  ISRT._RegSetKeyBinaryValue                         isrt.obl(Registry.obs)
212  ISRT._RegSetKeyValue                               isrt.obl(Registry.obs)
213  ISRT._ReleaseDialog                                isrt.obl(CustomDialog.obs)
214  ISRT._SdShowMsg                                    isrt.obl(SDSMSG.obs)
215  ISRT._SetAltMainImage                              isrt.obl(Dialogs.obs)
216  ISRT._SetDisplayEffect                             isrt.obl(ui.obs)
217  ISRT._SetPaletteFile                               isrt.obl(MIO.obs)
218  ISRT._SetTitle                                     isrt.obl(ui.obs)
219  ISRT._SetupInet                                    isrt.obl(MIO.obs)
220  ISRT._SetupTraceWrite                              isrt.obl(Misc.obs)
221  ISRT._ShowObjWizardPages                           isrt.obl(Objects.obs)
222  ISRT._ShowWizardPages                              Setup.obs
223  ISRT._StatusUpdate                                 isrt.obl(ui.obs)
224  ISRT._TreeViewCreate                               isrt.obl(CmptView.obs)
225  ISRT._WaitOnDialog                                 isrt.obl(CustomDialog.obs)
226  ISRT._WriteLine                                    isrt.obl(Files.obs)
227  ISRT.__CreateObjectContext                         isrt.obl(ISRTInit.obs)
228  ISRT.__GetCmdLineOptions                           isrt.obl(ISRTInit.obs)
229  ISRT.__GetContextGUID                              isrt.obl(ISRTInit.obs)
230  ISRT.__GetEnabledIServices                         isrt.obl(SysVars.obs)
231  ISRT.__GetFileRegistrar                            isrt.obl(ISRTInit.obs)
232  ISRT.__GetInfo                                     isrt.obl(ISRTInit.obs)
233  ISRT.__GetInstallGuid                              isrt.obl(SysVars.obs)
234  ISRT.__GetLog                                      isrt.obl(SysVars.obs)
235  ISRT.__GetLogDB                                    isrt.obl(ISRTInit.obs)
236  ISRT.__GetMainWindow                               Setup.obs
237  ISRT.__GetMaintOption                              isrt.obl(SysVars.obs)
238  ISRT.__GetMaintenanceMode                          isrt.obl(SysVars.obs)
239  ISRT.__GetObjects                                  isrt.obl(ISRTInit.obs)
240  ISRT.__GetProductGuid                              isrt.obl(SysVars.obs)
241  ISRT.__GetProgress                                 Setup.obs
242  ISRT.__GetReboot                                   isrt.obl(ISRTInit.obs)
243  ISRT.__GetRemoveAllMode                            isrt.obl(SysVars.obs)
244  ISRT.__GetTextSub                                  isrt.obl(ISRTInit.obs)
245  ISRT.__GetUpdateMode                               isrt.obl(SysVars.obs)
246  ISRT.__GetUser                                     isrt.obl(MIO.obs)
247  ISRT.__ISRTGetPropertyBag                          ifx.obl(PersistPropertyBag.obs)
248  ISRT.__ISRTReleasePropertyBag                      ifx.obl(PersistPropertyBag.obs)
249  ISRT.__LoadString                                  isrt.obl(LoadStr.obs)
250  ISRT.__ReleaseObjectContext                        isrt.obl(ISRTInit.obs)
251  ISRT.__RestoreMainLog                              isrt.obl(ISRTInit.obs)
252  ISRT.__SetComponentLog                             isrt.obl(ISRTInit.obs)
253  ISRT.__SetUpdateMode                               isrt.obl(SysVars.obs)
254  ISRTPreprogram                                     isrt.obl(Driver.obs)
255  IfxFilterComponents                                ifx.obl(EventsSetupPriv.obs)
256  IfxFinalConstruct                                  ifx.obl(EventsSetupPriv.obs)
257  IfxFinalRelease                                    ifx.obl(EventsSetupPriv.obs)
258  IfxInitProperties                                  ifx.obl(PersistPropertyBag.obs)
259  IfxOnAbortInstall                                  ifx.obl(EventsPriv.obs)
260  IfxOnAppSearch                                     ifx.obl(EventsPriv.obs)
261  IfxOnCCPSearch                                     ifx.obl(EventsPriv.obs)
262  IfxOnCanceling                                     ifx.obl(EventsPriv.obs)
263  IfxOnDisk1Installed                                ifx.obl(EventsSetupPriv.obs)
264  IfxOnDisk1Installing                               ifx.obl(EventsSetupPriv.obs)
265  IfxOnExitInstall                                   ifx.obl(EventsSetupPriv.obs)
266  IfxOnFileError                                     ifx.obl(EventsSetupPriv.obs)
267  IfxOnFileLocked                                    ifx.obl(EventsSetupPriv.obs)
268  IfxOnFileReadOnly                                  ifx.obl(EventsSetupPriv.obs)
269  IfxOnHelp                                          ifx.obl(EventsPriv.obs)
270  IfxOnInitInstall                                   ifx.obl(EventsSetupPriv.obs)
271  IfxOnInternetError                                 ifx.obl(EventsSetupPriv.obs)
272  IfxOnMD5Error                                      ifx.obl(EventsSetupPriv.obs)
273  IfxOnNextDisk                                      ifx.obl(EventsSetupPriv.obs)
274  IfxOnRebooted                                      ifx.obl(EventsPriv.obs)
275  IfxOnRemovingSharedFile                            ifx.obl(EventsSetupPriv.obs)
276  IfxOnShowWizardPages                               ifx.obl(EventsSetupPriv.obs)
277  IfxOnTransferred                                   ifx.obl(EventsPriv.obs)
278  IfxOnTransferring                                  ifx.obl(EventsSetupPriv.obs)
279  IfxOnUnhandledException                            ifx.obl(EventsPriv.obs)
280  IfxPostprogram                                     ifx.obl(EventsSetupPriv.obs)
281  IfxPreprogram                                      ifx.obl(EventsSetupPriv.obs)
282  IfxReadProperties                                  ifx.obl(PersistPropertyBag.obs)
283  IfxRunAfterReboot                                  ifx.obl(EventsSetupPriv.obs)
284  IfxWriteProperties                                 ifx.obl(PersistPropertyBag.obs)
285  InetEndofTransfer                                  isrt.obl(iftw.obs)
286  InetNextDisk                                       isrt.obl(iftw.obs)
287  InitInstall                                        isrt.obl(Driver.obs)
288  InitProperties                                     ifx.obl(PersistPropertyBag.obs)
289  Is                                                 isrt.obl(Is.obs)
290  IsInetInstall                                      isrt.obl(iftw.obs)
291  KERNEL.GetModuleHandle                             Setup.obs
292  KERNEL32.CloseHandle                               Setup.obs
293  KERNEL32.CreateFileA                               Setup.obs
294  KERNEL32.CreateProcess                             Setup.obs
295  KERNEL32.DeleteFileA                               Setup.obs
296  KERNEL32.FindClose                                 Setup.obs
297  KERNEL32.FindFirstFileA                            Setup.obs
298  KERNEL32.FindNextFileA                             Setup.obs
299  KERNEL32.FormatMessageA                            Setup.obs
300  KERNEL32.FreeLibrary                               Setup.obs
301  KERNEL32.GetDriveType                              Setup.obs
302  KERNEL32.GetExitCodeProcess                        Setup.obs
303  KERNEL32.GetFileAttributesA                        Setup.obs
304  KERNEL32.GetLocalTime                              Setup.obs
305  KERNEL32.GetLocaleInfo                             Setup.obs
306  KERNEL32.GetPrivateProfileSectionA                 Setup.obs
307  KERNEL32.GetPrivateProfileString                   Setup.obs
308  KERNEL32.GetPrivateProfileStringA                  Setup.obs
309  KERNEL32.GetProcAddress                            Setup.obs
310  KERNEL32.GetProfileStringA                         Setup.obs
311  KERNEL32.GetShortPathNameA                         Setup.obs
312  KERNEL32.GetSystemDefaultLCID                      Setup.obs
313  KERNEL32.GetSystemDefaultLangID                    Setup.obs
314  KERNEL32.GetSystemDefaultUILanguage                Setup.obs
315  KERNEL32.GetUserDefaultLangID                      Setup.obs
316  KERNEL32.GetVersion                                Setup.obs
317  KERNEL32.GetVersionEx                              Setup.obs
318  KERNEL32.GetVolumeInformation                      Setup.obs
319  KERNEL32.GetWindowsDirectory                       Setup.obs
320  KERNEL32.LoadLibraryA                              Setup.obs
321  KERNEL32.SetCurrentDirectoryA                      Setup.obs
322  KERNEL32.SetFileAttributesA                        Setup.obs
323  KERNEL32.WritePrivateProfileString                 Setup.obs
324  KERNEL32.WritePrivateProfileStringA                Setup.obs
325  KERNEL32.WriteProfileStringA                       Setup.obs
326  KERNEL32.lstrlen                                   Setup.obs
327  LOWORD                                             isrt.obl(Misc.obs)
328  LaunchAppAndWait                                   isrt.obl(Extend.obs)
329  LaunchAppAndWaitInitStartupInfo                    isrt.obl(Extend.obs)
330  ListAddItem                                        isrt.obl(scrlist.obs)
331  ListAddString                                      isrt.obl(scrlist.obs)
332  ListCount                                          isrt.obl(scrlist.obs)
333  ListCreate                                         isrt.obl(scrlist.obs)
334  ListCurrentString                                  isrt.obl(scrlist.obs)
335  ListDeleteString                                   isrt.obl(scrlist.obs)
336  ListDestroy                                        isrt.obl(scrlist.obs)
337  ListFindString                                     isrt.obl(scrlist.obs)
338  ListGetFirstItem                                   isrt.obl(scrlist.obs)
339  ListGetFirstString                                 isrt.obl(scrlist.obs)
340  ListGetNextItem                                    isrt.obl(scrlist.obs)
341  ListGetNextString                                  isrt.obl(scrlist.obs)
342  ListGetType                                        isrt.obl(scrlist.obs)
343  ListSetIndex                                       isrt.obl(scrlist.obs)
344  LoadStringFromStringTable                          isrt.obl(Str.obs)
345  LogReadCustomString                                isrt.obl(Misc.obs)
346  LogReadCustomVariant                               isrt.obl(Misc.obs)
347  LogWriteCustomString                               isrt.obl(Misc.obs)
348  LogWriteCustomVariant                              isrt.obl(Misc.obs)
349  LongPathFromShortPath                              isrt.obl(Str.obs)
350  LongPathToQuote                                    isrt.obl(Str.obs)
351  LongPathToShortPath                                isrt.obl(Str.obs)
352  MAKELONG                                           isrt.obl(Misc.obs)
353  MIFCreateMIFFile                                   isrt.obl(MIF.obs)
354  MIFDeleteMIFFile                                   isrt.obl(MIF.obs)
355  MIFInitialize                                      isrt.obl(MIF.obs)
356  MIFSetInformation                                  isrt.obl(MIF.obs)
357  MIFUnInitialize                                    isrt.obl(MIF.obs)
358  MIFWasSetInformationCalled                         isrt.obl(MIF.obs)
359  MIOShutdown                                        isrt.obl(MIO.obs)
360  MIOStartup                                         isrt.obl(MIO.obs)
361  MaintenanceStart                                   isrt.obl(Registry.obs)
362  MediaGetData                                       isrt.obl(Feature.obs)
363  MessageBeep                                        isrt.obl(Misc.obs)
364  MessageBox                                         isrt.obl(MsgBox.obs)
365  MessageBoxEx                                       isrt.obl(MsgBox.obs)
366  OnAbort                                            ifx.obl(EventsSetup.obs)
367  OnAppSearch                                        ifx.obl(EventsSetup.obs)
368  OnBegin                                            ifx.obl(EventsSetup.obs)
369  OnCCPSearch                                        ifx.obl(EventsSetup.obs)
370  OnCanceling                                        ifx.obl(EventsSetup.obs)
371  OnCheckMediaPassword                               ifx.obl(EventsSetup.obs)
372  OnComponentError                                   ifx.obl(EventsSetup.obs)
373  OnCustomizeUninstInfo                              ifx.obl(EventsSetup.obs)
374  OnEnd                                              ifx.obl(EventsSetup.obs)
375  OnFileError                                        ifx.obl(EventsSetup.obs)
376  OnFileLocked                                       ifx.obl(EventsSetup.obs)
377  OnFileReadOnly                                     ifx.obl(EventsSetup.obs)
378  OnFilterComponents                                 ifx.obl(EventsSetup.obs)
379  OnFirstUIAfter                                     ifx.obl(EventsSetup.obs)
380  OnFirstUIBefore                                    Setup.obs
381  OnHelp                                             ifx.obl(EventsSetup.obs)
382  OnInstallingFile                                   ifx.obl(EventsSetup.obs)
383  OnInternetError                                    ifx.obl(EventsSetup.obs)
384  OnMD5Error                                         ifx.obl(EventsSetup.obs)
385  OnMaintUIAfter                                     ifx.obl(EventsSetup.obs)
386  OnMaintUIBefore                                    ifx.obl(EventsSetup.obs)
387  OnMoveData                                         ifx.obl(EventsSetup.obs)
388  OnMoved                                            ifx.obl(EventsSetup.obs)
389  OnMoving                                           ifx.obl(EventsSetup.obs)
390  OnNextDisk                                         ifx.obl(EventsSetup.obs)
391  OnRebooted                                         ifx.obl(EventsSetup.obs)
392  OnRemovingSharedFile                               ifx.obl(EventsSetup.obs)
393  OnSelfRegistrationError                            ifx.obl(EventsSetup.obs)
394  OnSetUpdateMode                                    ifx.obl(EventsSetup.obs)
395  OnShowUI                                           ifx.obl(EventsSetup.obs)
396  OnUnhandledException                               ifx.obl(EventsPriv.obs)
397  OnUninstallingFile                                 ifx.obl(EventsSetup.obs)
398  OnUpdateUIAfter                                    ifx.obl(EventsSetup.obs)
399  OnUpdateUIBefore                                   ifx.obl(EventsSetup.obs)
400  OpenFileMode                                       isrt.obl(Files.obs)
401  PCRestoreInit                                      isrt.obl(PCRestore.obs)
402  PCRestoreOnAbort                                   isrt.obl(PCRestore.obs)
403  PCRestoreOnBegin                                   isrt.obl(PCRestore.obs)
404  PCRestoreOnExit                                    isrt.obl(PCRestore.obs)
405  ParsePath                                          isrt.obl(Str.obs)
406  Postprogram                                        ifx.obl(EventsSetupPriv.obs)
407  Preprogram                                         ifx.obl(EventsSetupPriv.obs)
408  ProgDefGroupType                                   isrt.obl(Shell.obs)
409  ProgGetGroupType                                   isrt.obl(Shell.obs)
410  PthFixPath                                         isrt.obl(Pth.obs)
411  PthIsAbsPath                                       isrt.obl(Pth.obs)
412  ReadProperties                                     ifx.obl(PersistPropertyBag.obs)
413  Rebooted                                           isrt.obl(Driver.obs)
414  RegDBGetDefaultRoot                                isrt.obl(Registry.obs)
415  RegDBGetItem                                       isrt.obl(Registry.obs)
416  RegDBGetKeyValueEx                                 isrt.obl(Registry.obs)
417  RegDBInit                                          isrt.obl(Registry.obs)
418  RegDBQueryKey                                      isrt.obl(Registry.obs)
419  RegDBQueryKeyCount                                 isrt.obl(Registry.obs)
420  RegDBQueryStringMultiStringCount                   isrt.obl(Registry.obs)
421  RegDBQueryValue                                    isrt.obl(Registry.obs)
422  RegDBSetDefaultRoot                                isrt.obl(Registry.obs)
423  RegDBSetItem                                       isrt.obl(Registry.obs)
424  RegDBSetValue                                      isrt.obl(Registry.obs)
425  RegDBSetVersion                                    isrt.obl(Registry.obs)
426  ReleaseDialog                                      isrt.obl(CustomDialog.obs)
427  SdAskDestPath2                                     isrt.obl(SdAskDestPath2Dlg.obs)
428  SdCloseDlg                                         isrt.obl(SDINT.obs)
429  SdComponentDlgCheckSpace                           isrt.obl(SDINT.obs)
430  SdDlgToTop                                         isrt.obl(SDINT.obs)
431  SdDoStdButton                                      isrt.obl(SDINT.obs)
432  SdEnablement                                       isrt.obl(SDINT.obs)
433  SdError                                            isrt.obl(SDINT.obs)
434  SdFeatureTree                                      isrt.obl(SdComponentTreeDlg.obs)
435  SdFinish                                           isrt.obl(SdFinishDlg.obs)
436  SdFinishReboot                                     isrt.obl(SdFinishRebootDlg.obs)
437  SdFinishUpdateEx                                   isrt.obl(SdFinishUpdate.obs)
438  SdGeneralInit                                      isrt.obl(SDINT.obs)
439  SdGetUserCompanyInfo                               isrt.obl(SDINT.obs)
440  SdInit                                             isrt.obl(SDINT.obs)
441  SdIsStdButton                                      isrt.obl(SDINT.obs)
442  SdLoadString                                       isrt.obl(SDINT.obs)
443  SdMakeName                                         isrt.obl(SDINT.obs)
444  SdPlugInProductName                                isrt.obl(SDINT.obs)
445  SdRegisterUser                                     isrt.obl(SdRegisterUserDlg.obs)
446  SdSetDlgTitle                                      isrt.obl(SDINT.obs)
447  SdSetStatic                                        isrt.obl(SDINT.obs)
448  SdShowMsg                                          isrt.obl(SDSMSG.obs)
449  SdStartCopy2                                       isrt.obl(SdStartCopy2Dlg.obs)
450  SdSubstituteProductInfo                            isrt.obl(SDINT.obs)
451  SdUnInit                                           isrt.obl(SDINT.obs)
452  SdWelcome                                          isrt.obl(SdWelcomeDlg.obs)
453  SdWelcomeMaint                                     isrt.obl(SdWelcomeMaintDlg.obs)
454  SelectDir                                          isrt.obl(SelectDir.obs)
455  SelectDirNoLog                                     isrt.obl(SelectDir.obs)
456  SendMessage                                        isrt.obl(Misc.obs)
457  ServiceInitParams                                  isrt.obl(Service.obs)
458  SetCmdLine                                         isrt.obl(SysVars.obs)
459  SetDialogTitle                                     isrt.obl(Dialogs.obs)
460  SetDisplayEffect                                   isrt.obl(ui.obs)
461  SetExtendedErrInfo                                 isrt.obl(IsUtil.obs)
462  SetFolderDesktop                                   isrt.obl(SysVars.obs)
463  SetFolderPrograms                                  isrt.obl(SysVars.obs)
464  SetFolderStartMenu                                 isrt.obl(SysVars.obs)
465  SetFolderStartup                                   isrt.obl(SysVars.obs)
466  SetStatusWindow                                    isrt.obl(ui.obs)
467  SetTitle                                           isrt.obl(ui.obs)
468  SetupTraceWrite                                    isrt.obl(Misc.obs)
469  SetupType2                                         isrt.obl(SetupType2Dlg.obs)
470  ShowObjWizardPages                                 isrt.obl(Objects.obs)
471  ShowWizardPages                                    isrt.obl(Driver.obs)
472  SilentCreateFile                                   isrt.obl(Silent.obs)
473  SilentDoGeneralInfo                                isrt.obl(Silent.obs)
474  SilentFailed                                       isrt.obl(Silent.obs)
475  SilentFinish                                       isrt.obl(Silent.obs)
476  SilentInit                                         isrt.obl(Silent.obs)
477  SilentLogWriteData                                 isrt.obl(Silent.obs)
478  SilentReadData                                     isrt.obl(Silent.obs)
479  SilentSetInfo                                      isrt.obl(Silent.obs)
480  SilentSetMode                                      isrt.obl(Silent.obs)
481  SilentWriteData                                    isrt.obl(Silent.obs)
482  Sprintf                                            isrt.obl(Str.obs)
483  SprintfBox                                         isrt.obl(MsgBox.obs)
484  StatusUpdate                                       isrt.obl(ui.obs)
485  StrAddLastSlash                                    isrt.obl(Str.obs)
486  StrFindEx                                          isrt.obl(Str.obs)
487  StrGetTokens                                       isrt.obl(Str.obs)
488  StrLength                                          isrt.obl(Str.obs)
489  StrRemoveLastSlash                                 isrt.obl(Str.obs)
490  StrRemoveSpaces                                    isrt.obl(Str.obs)
491  StrReplace                                         isrt.obl(Str.obs)
492  StrToNumHex                                        isrt.obl(Str.obs)
493  StrToUpper                                         isrt.obl(Str.obs)
494  SysVarsInit                                        isrt.obl(SysVars.obs)
495  SysVarsTrace                                       isrt.obl(SysVars.obs)
496  SysVarsUnInit                                      isrt.obl(SysVars.obs)
497  System                                             isrt.obl(Misc.obs)
498  TreeViewCreate                                     isrt.obl(CmptView.obs)
499  USER.EnableWindow                                  Setup.obs
500  USER.GetClassName                                  Setup.obs
501  USER.GetDC                                         Setup.obs
502  USER.GetDlgItem                                    Setup.obs
503  USER.GetFocus                                      Setup.obs
504  USER.GetWindowLong                                 Setup.obs
505  USER.IsIconic                                      Setup.obs
506  USER.IsWindow                                      Setup.obs
507  USER.IsWindowVisible                               Setup.obs
508  USER.LoadString                                    Setup.obs
509  USER.ReleaseDC                                     Setup.obs
510  USER.SendMessageA                                  Setup.obs
511  USER.SetFocus                                      Setup.obs
512  USER.SetForegroundWindow                           Setup.obs
513  USER.SetWindowPos                                  Setup.obs
514  USER.SetWindowText                                 Setup.obs
515  USER.ShowWindow                                    Setup.obs
516  USER32.CharUpperBuffA                              Setup.obs
517  USER32.GetSystemMetrics                            Setup.obs
518  USER32.GetWindowText                               Setup.obs
519  USER32.GetWindowTextLength                         Setup.obs
520  USER32.MessageBoxA                                 Setup.obs
521  USER32.MsgWaitForMultipleObjects                   Setup.obs
522  USER32.PeekMessageA                                Setup.obs
523  USER32.SendMessageA                                Setup.obs
524  USER32.SetWindowLong                               Setup.obs
525  USER32.SetWindowRgn                                Setup.obs
526  UpdateServiceCheckForUpdates                       isrt.obl(ISUpdateService.obs)
527  UpdateServiceInitTargets                           isrt.obl(ISUpdateService.obs)
528  UpdateServiceRegisterProduct                       isrt.obl(ISUpdateService.obs)
529  VarRestore                                         isrt.obl(SysVars.obs)
530  VarSave                                            isrt.obl(SysVars.obs)
531  VerProductCompareVersions                          isrt.obl(version.obs)
532  VerProductGetInstalledVersion                      isrt.obl(version.obs)
533  VerProductIsVersionSupported                       isrt.obl(version.obs)
534  VerProductNumToStr                                 isrt.obl(version.obs)
535  VerProductStrToNum                                 isrt.obl(version.obs)
536  VerProductVerFromVerParts                          isrt.obl(version.obs)
537  VerProductVerPartsFromVer                          isrt.obl(version.obs)
538  WaitOnDialog                                       isrt.obl(CustomDialog.obs)
539  WriteLine                                          isrt.obl(Files.obs)
540  WriteProfInt                                       isrt.obl(Profile.obs)
541  WriteProfString                                    isrt.obl(Profile.obs)
542  WriteProperties                                    ifx.obl(PersistPropertyBag.obs)
543  _HandleException                                   isrt.obl(exceptions.obs)
544  __ISRTDoExit                                       isrt.obl(Misc.obs)
545  __ISRTInit                                         isrt.obl(ISRTInit.obs)
546  __ISRTRestoreMainLog                               isrt.obl(ISRTInit.obs)
547  __ISRTSetComponentLog                              isrt.obl(ISRTInit.obs)
548  __ISRTUnInit                                       isrt.obl(ISRTInit.obs)
549  __LoadIScriptString                                isrt.obl(LoadStr.obs)
550  program                                            ifx.obl(EventsSetupPriv.obs)
551  sfc.SRSetRestorePoint                              Setup.obs


***** External Variables *****
1    ADDREMOVE                                          isrt.obl(DebugSymbols.obs)
2    ADMINUSER                                          Setup.obs
3    ALLUSERS                                           Setup.obs
4    BATCH_INSTALL                                      Setup.obs
5    CMDLINE                                            isrt.obl(DebugSymbols.obs)
6    COMMONFILES                                        isrt.obl(DebugSymbols.obs)
7    DISABLE_ALLUSERBTN                                 Setup.obs
8    DISABLE_PERUSERBTN                                 Setup.obs
9    DISK1TARGET                                        Setup.obs
10   ENABLED_ISERVICES                                  isrt.obl(DebugSymbols.obs)
11   ENGINECOMMONDIR                                    isrt.obl(DebugSymbols.obs)
12   ENGINEDIR                                          isrt.obl(DebugSymbols.obs)
13   ERRORFILENAME                                      Setup.obs
14   Err                                                Setup.obs
15   FILETIME                                           Setup.obs
16   FIND_DATA                                          Setup.obs
17   FOLDER_APPDATA                                     isrt.obl(DebugSymbols.obs)
18   FOLDER_DESKTOP                                     isrt.obl(DebugSymbols.obs)
19   FOLDER_PERSONAL                                    isrt.obl(DebugSymbols.obs)
20   FOLDER_PROGRAMS                                    isrt.obl(DebugSymbols.obs)
21   FOLDER_STARTMENU                                   isrt.obl(DebugSymbols.obs)
22   FOLDER_STARTUP                                     isrt.obl(DebugSymbols.obs)
23   FOLDER_TEMP                                        isrt.obl(DebugSymbols.obs)
24   FileRegistrar                                      Setup.obs
25   IFX_COMPANY_NAME                                   Setup.obs
26   IFX_DISK1INSTALLED                                 Setup.obs
27   IFX_INITIALIZED                                    Setup.obs
28   IFX_INSTALLED_DISPLAY_VERSION                      Setup.obs
29   IFX_INSTALLED_VERSION                              Setup.obs
30   IFX_MULTI_INSTANCE_SUFFIX                          Setup.obs
31   IFX_PRODUCT_DISPLAY_NAME                           Setup.obs
32   IFX_PRODUCT_DISPLAY_VERSION                        Setup.obs
33   IFX_PRODUCT_KEY                                    Setup.obs
34   IFX_PRODUCT_NAME                                   Setup.obs
35   IFX_PRODUCT_VERSION                                Setup.obs
36   IFX_SETUP_TITLE                                    Setup.obs
37   IFX_SUPPORTED_VERSIONS                             Setup.obs
38   INSTALLSCRIPTMSI                                   isrt.obl(DebugSymbols.obs)
39   INSTANCE_GUID                                      isrt.obl(DebugSymbols.obs)
40   ISRES                                              isrt.obl(DebugSymbols.obs)
41   ISUSER                                             isrt.obl(DebugSymbols.obs)
42   ISUTIL_FUNCTION_ACTUAL_ERROR                       Setup.obs
43   ISUTIL_LINE_NUMBER                                 Setup.obs
44   ISUTIL_SCRIPT_FILE                                 Setup.obs
45   ISVERSION                                          isrt.obl(DebugSymbols.obs)
46   InetSRCDIR                                         Setup.obs
47   LAAW_PARAMETERS                                    Setup.obs
48   LAAW_PROCESS_INFORMATION                           Setup.obs
49   LAAW_STARTUPINFO                                   Setup.obs
50   LAST_RESULT                                        Setup.obs
51   LogDB                                              Setup.obs
52   MAINTENANCE                                        isrt.obl(DebugSymbols.obs)
53   MAINT_OPTION                                       isrt.obl(DebugSymbols.obs)
54   MEDIA                                              Setup.obs
55   MEDIA_INFO                                         isrt.obl(Feature.obs)
56   MODE                                               Setup.obs
57   MSG                                                Setup.obs
58   MULTI_INSTANCE_COUNT                               isrt.obl(DebugSymbols.obs)
59   MainWindow                                         Setup.obs
60   NOTHING                                            Setup.obs
61   OSINFO_PLATFORM_INFO                               Setup.obs
62   OSVERSIONINFO                                      Setup.obs
63   OSVERSIONINFOEX                                    Setup.obs
64   Objects                                            Setup.obs
65   PACKAGE_LOCATION                                   isrt.obl(DebugSymbols.obs)
66   POINT                                              Setup.obs
67   PRIVILEGED                                         Setup.obs
68   PROCESS_INFORMATION                                Setup.obs
69   PRODUCT_GUID                                       isrt.obl(DebugSymbols.obs)
70   PROGRAMFILES                                       isrt.obl(DebugSymbols.obs)
71   RECT                                               Setup.obs
72   REMOVEALLMODE                                      isrt.obl(DebugSymbols.obs)
73   Reboot                                             Setup.obs
74   SELECTED_LANGUAGE                                  isrt.obl(DebugSymbols.obs)
75   SERVICE_IS_PARAMS                                  Setup.obs
76   SHELL_OBJECT_FOLDER                                Setup.obs
77   SHOW_PASSWORD_DIALOG                               isrt.obl(DebugSymbols.obs)
78   SRCDIR                                             Setup.obs
79   SRCDISK                                            isrt.obl(DebugSymbols.obs)
80   STARTUPINFO                                        Setup.obs
81   SUPPORTDIR                                         isrt.obl(DebugSymbols.obs)
82   SYSTEMTIME                                         Setup.obs
83   SetupInfo                                          Setup.obs
84   StatusDlg                                          Setup.obs
85   TARGETDIR                                          Setup.obs
86   TARGETDISK                                         isrt.obl(DebugSymbols.obs)
87   TextSub                                            Setup.obs
88   UNINST                                             Setup.obs
89   UNINSTALL_STRING                                   Setup.obs
90   UPDATEMODE                                         Setup.obs
91   UPDATEMODE_SUPPORTED                               isrt.obl(DebugSymbols.obs)
92   WINDIR                                             isrt.obl(DebugSymbols.obs)
93   WINDISK                                            isrt.obl(DebugSymbols.obs)
94   WINSYSDIR                                          isrt.obl(DebugSymbols.obs)
95   WINSYSDISK                                         isrt.obl(DebugSymbols.obs)
96   _INT64                                             Setup.obs
97   _LAAW_PARAMETERS                                   Setup.obs
98   _LAAW_TEMP_DATA                                    isrt.obl(Extend.obs)
99   _RESTOREINFO_                                      Setup.obs
100  _RESTOREPTINFO                                     Setup.obs
101  _SERVICE_IS_PARAMS                                 Setup.obs
102  _SMGRSTATUS                                        Setup.obs
103  _SMGSTATUS_                                        Setup.obs
104  _WIN9X                                             Setup.obs
105  _WINNT                                             Setup.obs
106  __SYSTEMINFORMATION                                Setup.obs
107  __hContext                                         isrt.obl(AskYesNo.obs)
108  __objGlobalTextSub                                 Setup.obs
109  __szGUID                                           isrt.obl(ISRTInit.obs)
110  bBackButton                                        Setup.obs
111  bCancelButton                                      Setup.obs
112  bEnterDiskBeep                                     isrt.obl(AskDestPathDlg.obs)
113  bFinishButton                                      Setup.obs
114  bIFXLFNoToAll                                      Setup.obs
115  bIFXLFOnRebootToAll                                Setup.obs
116  bIFXLFYesToAll                                     Setup.obs
117  bIFXMD5IgnoreToAll                                 Setup.obs
118  bIFXRONoToAll                                      Setup.obs
119  bIFXROYesToAll                                     Setup.obs
120  bIFXSFNoToAll                                      Setup.obs
121  bIFXSFYesToAll                                     Setup.obs
122  bIfxPCHInitialized                                 Setup.obs
123  bIfxPCHOn                                          Setup.obs
124  bInstall16                                         Setup.obs
125  bNextButton                                        Setup.obs
126  bSdInit                                            Setup.obs
127  bViewCmptKunits                                    Setup.obs
128  bViewCmptUseDecimal                                Setup.obs
129  g_bSuppressMissingStringWarning                    isrt.obl(Enable.obs)
130  nIfxPCHType                                        Setup.obs
131  szAppKey                                           Setup.obs
132  szInstallDeinstKey                                 Setup.obs
133  szSdProduct                                        Setup.obs
134  szSdStr_NotEnoughSpace                             Setup.obs
